<?xml version="1.0" encoding="utf-8"?><testsuites name="pytest tests"><testsuite name="pytest" errors="0" failures="0" skipped="0" tests="11" time="6.697" timestamp="2025-06-23T07:25:59.365381-05:00" hostname="Dions-Mac-Studio.local"><testcase classname="ptolemies.tests.test_crawl4ai_integration.TestCrawlConfig" name="test_default_config" time="0.161" /><testcase classname="ptolemies.tests.test_crawl4ai_integration.TestCrawlConfig" name="test_custom_config" time="0.000" /><testcase classname="ptolemies.tests.test_crawl4ai_integration.TestDocumentMetrics" name="test_default_metrics" time="0.000" /><testcase classname="ptolemies.tests.test_crawl4ai_integration.TestPtolemiesCrawler" name="test_crawler_initialization" time="0.001" /><testcase classname="ptolemies.tests.test_crawl4ai_integration.TestPtolemiesCrawler" name="test_should_crawl_link" time="0.001" /><testcase classname="ptolemies.tests.test_crawl4ai_integration.TestPtolemiesCrawler" name="test_is_valid_documentation_link" time="0.001" /><testcase classname="ptolemies.tests.test_crawl4ai_integration.TestPtolemiesCrawler" name="test_calculate_quality_score" time="0.001" /><testcase classname="ptolemies.tests.test_crawl4ai_integration.TestPtolemiesCrawler" name="test_chunk_content" time="0.001" /><testcase classname="ptolemies.tests.test_crawl4ai_integration.TestPtolemiesCrawler" name="test_extract_topics" time="0.002" /><testcase classname="ptolemies.tests.test_crawl4ai_integration.TestPtolemiesCrawler" name="test_get_crawl_metrics" time="0.001" /><testcase classname="ptolemies.tests.test_crawl4ai_integration" name="test_crawler_integration" time="0.045" /></testsuite></testsuites>